// Bun Snapshot v1, https://bun.sh/docs/test/snapshots

exports[`the card of an egg hides the species and the stats 1`] = `
"  Egg                                                  esc







              ▄█▀▀▄▄▄               still an egg
            ▄▀███████▀▄             egg · 0 xp
           ▄▀█████████▀▄            hatched today
           ██▀█▀▀▀█▀█▀██            chilling
           ███▀▀▀▀█▀▀▀██
           ████████▀▀▀██
           █████████████
           █████████████
            ███████████
             ▀▀▀▀▀▀▀▀▀

  cheerful

  stats show at hatching

  [--------------------] 0 / 200 xp → hatchling"
`;
