// Bun Snapshot v1, https://bun.sh/docs/test/snapshots

exports[`the roster reads in French 1`] = `
"  Tamago : roster                                      esc

  > Tamago · chat · adulte · actif

     █████▄▄▄▄▄█████▀▀▀
  ▄▀███▀█████████▀███▀▄
  ████▀█▀███████▀█▀████  chat · commun
  ████████▀▀▀▀▀████████  adulte · 9 166 xp
    ▀▀▀▀█▀▀▀▀▀▀▀█▀▀▀▀    éclos aujourd'hui
     ▄▀███████████▀▄▀██
    █▀▀█████████▀▀██ ▀▀

  enjoué · mécano audacieux


  bavardage   [#########-] 9
  sensibilité [#---------] 1
  patience    [######----] 6
  [#####---------------] 9 166 / 20 000 xp → ancien"
`;
