// Bun Snapshot v1, https://bun.sh/docs/test/snapshots

exports[`a held Trait marks the sprite's top-left cell 1`] = `
"▀▄▀▄▀▀▄       ▄▀▀▄
▀ ▀█████▄▄▄▄▄█████
▄▀███▀█████████▀███▀▄
████▀█▀███████▀█▀████
█████████▀▀▀█████████
 ███████▀▀▀▀▀███████
  ▀▀▀▀█▀▀▀▀▀▀▀█▀▀▀▀
   ▄▀███████████▀▄ █
  ████████████████ ▀
  █▀▀█       █▀▀█"
`;
